// Jest Snapshot v1, https://goo.gl/fbAQLP

exports[`Shortest path in grid should evaluate the single source path correctly 1`] = `
{
  "length": 9,
  "path": [
    [
      0,
      0,
    ],
    [
      0,
      1,
    ],
    [
      0,
      2,
    ],
    [
      1,
      2,
    ],
    [
      2,
      2,
    ],
    [
      2,
      3,
    ],
    [
      2,
      4,
    ],
    [
      3,
      4,
    ],
    [
      4,
      4,
    ],
    [
      4,
      3,
    ],
  ],
}
`;
